// Jest Snapshot v1, https://goo.gl/fbAQLP

exports[`getData asyn—Å API function testing Test that getData() return correct values 1`] = `
Array [
  "3",
  "4",
  "5",
]
`;
